// Jest Snapshot v1, https://goo.gl/fbAQLP

exports[`<Logout /> Renders properly 1`] = `
<div
  className="right menu"
>
  <a
    className="item"
    href="/requests_list"
    onClick={[Function]}
  >
    Requests
  </a>
  <a
    className="item"
    href=""
    onClick={[Function]}
  />
  <a
    className="link item"
    onClick={[Function]}
  >
    Logout
  </a>
</div>
`;
