// Jest Snapshot v1, https://goo.gl/fbAQLP

exports[`<WHHeader /> Renders properly 1`] = `
<div
  className="ui huge attached menu"
>
  <a
    className="item"
    href="/"
    onClick={[Function]}
  >
    <div
      className="ui medium header"
    >
      Engineering Warehouse
    </div>
  </a>
  <div
    className="right menu"
  >
    <div
      className="item"
      onClick={[Function]}
    >
      Signup
    </div>
    <div
      className="item"
      onClick={[Function]}
    >
      Login
    </div>
  </div>
</div>
`;
