// Jest Snapshot v1, https://goo.gl/fbAQLP

exports[`<WHHeader /> Renders properly 1`] = `
<div
  className="ui huge attached menu"
>
  <a
    className="item"
    href="/"
    onClick={[Function]}
  >
    <div
      className="ui medium header"
    >
      Warehouse
    </div>
  </a>
  <div
    className="right menu"
  >
    <a
      className="item"
      onBlur={[Function]}
      onClick={[Function]}
      onFocus={[Function]}
      onMouseEnter={[Function]}
      onMouseLeave={[Function]}
    >
      Signup
    </a>
    <a
      className="item"
      onBlur={[Function]}
      onClick={[Function]}
      onFocus={[Function]}
      onMouseEnter={[Function]}
      onMouseLeave={[Function]}
    >
      Login
    </a>
  </div>
</div>
`;
